// Jest Snapshot v1, https://goo.gl/fbAQLP

exports[`testing client Client is Premium 1`] = `
Object {
  "balance": 500,
  "name": "Ana",
  "type": "Premium",
}
`;
